number of parameters: 3.32M
num decayed parameter tensors: 10, with 3,350,528 parameters
num non-decayed parameter tensors: 5, with 320 parameters
using fused AdamW: True
batch 0: mask sum = 5774.0
iter 0: loss 10.8311
batch 1: mask sum = 5684.0
batch 2: mask sum = 5636.0
batch 3: mask sum = 5680.0
batch 4: mask sum = 4912.0
batch 5: mask sum = 4966.0
batch 6: mask sum = 5755.0
batch 7: mask sum = 5860.0
batch 8: mask sum = 5392.0
batch 9: mask sum = 5310.0
batch 10: mask sum = 6072.0
iter 10: loss 10.7382
batch 11: mask sum = 5907.0
batch 12: mask sum = 5257.0
batch 13: mask sum = 4614.0
batch 14: mask sum = 5601.0
batch 15: mask sum = 5124.0
batch 16: mask sum = 5523.0
batch 17: mask sum = 5545.0
batch 18: mask sum = 5915.0
batch 19: mask sum = 5545.0
batch 20: mask sum = 5120.0
iter 20: loss 10.6153
batch 21: mask sum = 5499.0
batch 22: mask sum = 5475.0
batch 23: mask sum = 5343.0
batch 24: mask sum = 5685.0
batch 25: mask sum = 5280.0
batch 26: mask sum = 5295.0
batch 27: mask sum = 5470.0
batch 28: mask sum = 5632.0
batch 29: mask sum = 5843.0
batch 30: mask sum = 4820.0
iter 30: loss 10.4777
batch 31: mask sum = 5423.0
batch 32: mask sum = 5833.0
batch 33: mask sum = 5828.0
batch 34: mask sum = 5806.0
batch 35: mask sum = 5871.0
batch 36: mask sum = 4685.0
batch 37: mask sum = 5910.0
batch 38: mask sum = 4490.0
batch 39: mask sum = 5872.0
batch 40: mask sum = 6093.0
iter 40: loss 10.3347
batch 41: mask sum = 5892.0
batch 42: mask sum = 5885.0
batch 43: mask sum = 5363.0
batch 44: mask sum = 5079.0
batch 45: mask sum = 5639.0
batch 46: mask sum = 6144.0
batch 47: mask sum = 5708.0
batch 48: mask sum = 5628.0
batch 49: mask sum = 4423.0
batch 50: mask sum = 5348.0
iter 50: loss 10.2287
batch 51: mask sum = 4472.0
batch 52: mask sum = 5971.0
batch 53: mask sum = 5913.0
batch 54: mask sum = 5518.0
batch 55: mask sum = 4535.0
batch 56: mask sum = 5695.0
batch 57: mask sum = 5027.0
batch 58: mask sum = 5531.0
batch 59: mask sum = 5417.0
batch 60: mask sum = 5918.0
iter 60: loss 10.0820
batch 61: mask sum = 5269.0
batch 62: mask sum = 5216.0
batch 63: mask sum = 5864.0
batch 64: mask sum = 5374.0
batch 65: mask sum = 5372.0
batch 66: mask sum = 5488.0
batch 67: mask sum = 5512.0
batch 68: mask sum = 5781.0
batch 69: mask sum = 5384.0
batch 70: mask sum = 5093.0
iter 70: loss 9.9890
batch 71: mask sum = 4999.0
batch 72: mask sum = 5232.0
batch 73: mask sum = 5429.0
batch 74: mask sum = 5176.0
batch 75: mask sum = 5571.0
batch 76: mask sum = 5373.0
batch 77: mask sum = 5866.0
batch 78: mask sum = 5979.0
batch 79: mask sum = 4632.0
batch 80: mask sum = 4919.0
iter 80: loss 9.8481
batch 81: mask sum = 4655.0
batch 82: mask sum = 5357.0
batch 83: mask sum = 5164.0
batch 84: mask sum = 5749.0
batch 85: mask sum = 5604.0
batch 86: mask sum = 5556.0
batch 87: mask sum = 6006.0
batch 88: mask sum = 5718.0
batch 89: mask sum = 5554.0
batch 90: mask sum = 5788.0
iter 90: loss 9.7144
batch 91: mask sum = 5356.0
batch 92: mask sum = 5924.0
batch 93: mask sum = 5889.0
batch 94: mask sum = 4918.0
batch 95: mask sum = 5440.0
batch 96: mask sum = 5899.0
batch 97: mask sum = 5223.0
batch 98: mask sum = 5637.0
batch 99: mask sum = 5624.0
batch 100: mask sum = 5220.0
iter 100: loss 9.6065
batch 101: mask sum = 5978.0
batch 102: mask sum = 6073.0
batch 103: mask sum = 6010.0
batch 104: mask sum = 4547.0
batch 105: mask sum = 4959.0
batch 106: mask sum = 5848.0
batch 107: mask sum = 5569.0
batch 108: mask sum = 5203.0
batch 109: mask sum = 5139.0
batch 110: mask sum = 5135.0
iter 110: loss 9.4940
batch 111: mask sum = 5592.0
batch 112: mask sum = 5687.0
batch 113: mask sum = 4736.0
batch 114: mask sum = 5702.0
batch 115: mask sum = 5553.0
batch 116: mask sum = 5577.0
batch 117: mask sum = 5802.0
batch 118: mask sum = 5207.0
batch 119: mask sum = 4668.0
batch 120: mask sum = 4855.0
iter 120: loss 9.4304
batch 121: mask sum = 5580.0
batch 122: mask sum = 5854.0
batch 123: mask sum = 6086.0
batch 124: mask sum = 5972.0
batch 125: mask sum = 4673.0
batch 126: mask sum = 5158.0
batch 127: mask sum = 5296.0
batch 128: mask sum = 5777.0
batch 129: mask sum = 5641.0
batch 130: mask sum = 4095.0
iter 130: loss 9.2937
batch 131: mask sum = 5557.0
batch 132: mask sum = 4272.0
batch 133: mask sum = 5271.0
batch 134: mask sum = 5421.0
batch 135: mask sum = 4953.0
batch 136: mask sum = 5549.0
batch 137: mask sum = 5205.0
batch 138: mask sum = 5651.0
batch 139: mask sum = 5319.0
batch 140: mask sum = 5336.0
iter 140: loss 9.1616
batch 141: mask sum = 5783.0
batch 142: mask sum = 6031.0
batch 143: mask sum = 5139.0
batch 144: mask sum = 5589.0
batch 145: mask sum = 5170.0
batch 146: mask sum = 6101.0
batch 147: mask sum = 5774.0
batch 148: mask sum = 5141.0
batch 149: mask sum = 5230.0
batch 150: mask sum = 5585.0
iter 150: loss 9.0113
batch 151: mask sum = 5719.0
batch 152: mask sum = 5471.0
batch 153: mask sum = 5916.0
batch 154: mask sum = 5814.0
batch 155: mask sum = 5335.0
batch 156: mask sum = 4728.0
batch 157: mask sum = 5677.0
batch 158: mask sum = 5337.0
batch 159: mask sum = 5829.0
batch 160: mask sum = 5174.0
iter 160: loss 8.8778
batch 161: mask sum = 5940.0
batch 162: mask sum = 6109.0
batch 163: mask sum = 5641.0
batch 164: mask sum = 4922.0
batch 165: mask sum = 5479.0
batch 166: mask sum = 5443.0
batch 167: mask sum = 4406.0
batch 168: mask sum = 5021.0
batch 169: mask sum = 4679.0
batch 170: mask sum = 4864.0
iter 170: loss 8.7577
batch 171: mask sum = 5622.0
batch 172: mask sum = 5432.0
batch 173: mask sum = 5190.0
batch 174: mask sum = 5250.0
batch 175: mask sum = 5380.0
batch 176: mask sum = 6118.0
batch 177: mask sum = 4971.0
batch 178: mask sum = 5425.0
batch 179: mask sum = 5702.0
batch 180: mask sum = 6080.0
iter 180: loss 8.6459
batch 181: mask sum = 5506.0
batch 182: mask sum = 5158.0
batch 183: mask sum = 5671.0
batch 184: mask sum = 5909.0
batch 185: mask sum = 5330.0
batch 186: mask sum = 6144.0
batch 187: mask sum = 5227.0
batch 188: mask sum = 5336.0
batch 189: mask sum = 5346.0
batch 190: mask sum = 5315.0
iter 190: loss 8.5922
batch 191: mask sum = 5372.0
batch 192: mask sum = 5284.0
batch 193: mask sum = 5878.0
batch 194: mask sum = 5162.0
batch 195: mask sum = 5232.0
batch 196: mask sum = 5284.0
batch 197: mask sum = 5290.0
batch 198: mask sum = 5382.0
batch 199: mask sum = 5375.0
batch 200: mask sum = 5982.0
iter 200: loss 8.4526
step 200: val loss 8.3872
batch 201: mask sum = 5550.0
batch 202: mask sum = 5453.0
batch 203: mask sum = 5596.0
batch 204: mask sum = 5590.0
batch 205: mask sum = 5429.0
batch 206: mask sum = 4974.0
batch 207: mask sum = 5200.0
batch 208: mask sum = 5005.0
batch 209: mask sum = 6041.0
batch 210: mask sum = 6032.0
iter 210: loss 8.2955
batch 211: mask sum = 5657.0
batch 212: mask sum = 5632.0
batch 213: mask sum = 5293.0
batch 214: mask sum = 5577.0
batch 215: mask sum = 5298.0
batch 216: mask sum = 5605.0
batch 217: mask sum = 5896.0
batch 218: mask sum = 5791.0
batch 219: mask sum = 5996.0
batch 220: mask sum = 5860.0
iter 220: loss 8.1607
batch 221: mask sum = 5722.0
batch 222: mask sum = 5314.0
batch 223: mask sum = 4500.0
batch 224: mask sum = 6032.0
batch 225: mask sum = 4266.0
batch 226: mask sum = 5547.0
batch 227: mask sum = 4991.0
batch 228: mask sum = 5357.0
batch 229: mask sum = 4870.0
batch 230: mask sum = 4716.0
iter 230: loss 8.0572
batch 231: mask sum = 5690.0
batch 232: mask sum = 5619.0
batch 233: mask sum = 5489.0
batch 234: mask sum = 5791.0
batch 235: mask sum = 5440.0
batch 236: mask sum = 5601.0
batch 237: mask sum = 5453.0
batch 238: mask sum = 5961.0
batch 239: mask sum = 5123.0
batch 240: mask sum = 4980.0
iter 240: loss 7.9199
batch 241: mask sum = 5467.0
batch 242: mask sum = 5952.0
batch 243: mask sum = 5419.0
batch 244: mask sum = 5149.0
batch 245: mask sum = 6111.0
batch 246: mask sum = 5636.0
batch 247: mask sum = 6082.0
batch 248: mask sum = 5877.0
batch 249: mask sum = 4907.0
batch 250: mask sum = 5602.0
iter 250: loss 7.8574
batch 251: mask sum = 5499.0
batch 252: mask sum = 5280.0
batch 253: mask sum = 5092.0
batch 254: mask sum = 3965.0
batch 255: mask sum = 5282.0
batch 256: mask sum = 5678.0
batch 257: mask sum = 4545.0
batch 258: mask sum = 4493.0
batch 259: mask sum = 5911.0
batch 260: mask sum = 5814.0
iter 260: loss 7.8341
batch 261: mask sum = 4358.0
batch 262: mask sum = 6016.0
batch 263: mask sum = 5410.0
batch 264: mask sum = 5475.0
batch 265: mask sum = 6144.0
batch 266: mask sum = 5171.0
batch 267: mask sum = 5501.0
batch 268: mask sum = 5965.0
batch 269: mask sum = 5557.0
batch 270: mask sum = 5174.0
iter 270: loss 7.7551
batch 271: mask sum = 5231.0
batch 272: mask sum = 5377.0
batch 273: mask sum = 5262.0
batch 274: mask sum = 5700.0
batch 275: mask sum = 5918.0
batch 276: mask sum = 5876.0
batch 277: mask sum = 5119.0
batch 278: mask sum = 4898.0
batch 279: mask sum = 4682.0
batch 280: mask sum = 5827.0
iter 280: loss 7.5885
batch 281: mask sum = 4835.0
batch 282: mask sum = 5136.0
batch 283: mask sum = 4697.0
batch 284: mask sum = 5600.0
batch 285: mask sum = 4604.0
batch 286: mask sum = 4983.0
batch 287: mask sum = 5257.0
batch 288: mask sum = 5159.0
batch 289: mask sum = 5317.0
batch 290: mask sum = 5283.0
iter 290: loss 7.4421
batch 291: mask sum = 5346.0
batch 292: mask sum = 5835.0
batch 293: mask sum = 5804.0
batch 294: mask sum = 5253.0
batch 295: mask sum = 4698.0
batch 296: mask sum = 5767.0
batch 297: mask sum = 5567.0
batch 298: mask sum = 6027.0
batch 299: mask sum = 5876.0
batch 300: mask sum = 5424.0
iter 300: loss 7.4047
batch 301: mask sum = 5760.0
batch 302: mask sum = 5340.0
batch 303: mask sum = 5963.0
batch 304: mask sum = 4921.0
batch 305: mask sum = 6000.0
batch 306: mask sum = 5168.0
batch 307: mask sum = 4531.0
batch 308: mask sum = 5925.0
batch 309: mask sum = 5785.0
batch 310: mask sum = 5669.0
iter 310: loss 7.2106
batch 311: mask sum = 5148.0
batch 312: mask sum = 5692.0
batch 313: mask sum = 5713.0
batch 314: mask sum = 5279.0
batch 315: mask sum = 5947.0
batch 316: mask sum = 5847.0
batch 317: mask sum = 5309.0
batch 318: mask sum = 6013.0
batch 319: mask sum = 4478.0
batch 320: mask sum = 5883.0
iter 320: loss 7.0968
batch 321: mask sum = 5487.0
batch 322: mask sum = 5620.0
batch 323: mask sum = 5693.0
batch 324: mask sum = 5669.0
batch 325: mask sum = 4786.0
batch 326: mask sum = 4995.0
batch 327: mask sum = 4897.0
batch 328: mask sum = 6015.0
batch 329: mask sum = 4894.0
batch 330: mask sum = 5017.0
iter 330: loss 7.2482
batch 331: mask sum = 5885.0
batch 332: mask sum = 5771.0
batch 333: mask sum = 5260.0
batch 334: mask sum = 5440.0
batch 335: mask sum = 6144.0
batch 336: mask sum = 5271.0
batch 337: mask sum = 5472.0
batch 338: mask sum = 5289.0
batch 339: mask sum = 4405.0
batch 340: mask sum = 5133.0
iter 340: loss 7.0999
batch 341: mask sum = 6001.0
batch 342: mask sum = 5880.0
batch 343: mask sum = 5939.0
batch 344: mask sum = 5510.0
batch 345: mask sum = 5361.0
batch 346: mask sum = 5870.0
batch 347: mask sum = 4721.0
batch 348: mask sum = 6064.0
batch 349: mask sum = 5246.0
batch 350: mask sum = 5103.0
iter 350: loss 7.1398
batch 351: mask sum = 5943.0
batch 352: mask sum = 5211.0
batch 353: mask sum = 5059.0
batch 354: mask sum = 5805.0
batch 355: mask sum = 5668.0
batch 356: mask sum = 5874.0
batch 357: mask sum = 6086.0
batch 358: mask sum = 5217.0
batch 359: mask sum = 4774.0
batch 360: mask sum = 5523.0
iter 360: loss 6.7578
batch 361: mask sum = 5718.0
batch 362: mask sum = 5407.0
batch 363: mask sum = 5495.0
batch 364: mask sum = 5847.0
batch 365: mask sum = 5347.0
batch 366: mask sum = 5648.0
batch 367: mask sum = 5827.0
batch 368: mask sum = 5120.0
batch 369: mask sum = 6095.0
batch 370: mask sum = 6037.0
iter 370: loss 6.7205
batch 371: mask sum = 5816.0
batch 372: mask sum = 6053.0
batch 373: mask sum = 5199.0
batch 374: mask sum = 5014.0
batch 375: mask sum = 6107.0
batch 376: mask sum = 5460.0
batch 377: mask sum = 5144.0
batch 378: mask sum = 5180.0
batch 379: mask sum = 5669.0
batch 380: mask sum = 5882.0
iter 380: loss 6.5898
batch 381: mask sum = 6005.0
batch 382: mask sum = 5584.0
batch 383: mask sum = 5545.0
batch 384: mask sum = 4558.0
batch 385: mask sum = 5705.0
batch 386: mask sum = 5934.0
batch 387: mask sum = 4973.0
batch 388: mask sum = 5612.0
batch 389: mask sum = 5580.0
batch 390: mask sum = 5394.0
iter 390: loss 6.4588
batch 391: mask sum = 5318.0
batch 392: mask sum = 5185.0
batch 393: mask sum = 5969.0
batch 394: mask sum = 4980.0
batch 395: mask sum = 6123.0
batch 396: mask sum = 5951.0
batch 397: mask sum = 5742.0
batch 398: mask sum = 5890.0
batch 399: mask sum = 5979.0
batch 400: mask sum = 5238.0
iter 400: loss 6.4013
step 400: val loss 6.2879
batch 401: mask sum = 5668.0
batch 402: mask sum = 5110.0
batch 403: mask sum = 5887.0
batch 404: mask sum = 5995.0
batch 405: mask sum = 5429.0
batch 406: mask sum = 5676.0
batch 407: mask sum = 5439.0
batch 408: mask sum = 5832.0
batch 409: mask sum = 4094.0
batch 410: mask sum = 6134.0
iter 410: loss 6.2780
batch 411: mask sum = 5284.0
batch 412: mask sum = 5812.0
batch 413: mask sum = 5262.0
batch 414: mask sum = 5053.0
batch 415: mask sum = 4267.0
batch 416: mask sum = 5650.0
batch 417: mask sum = 6113.0
batch 418: mask sum = 5879.0
batch 419: mask sum = 5383.0
batch 420: mask sum = 4667.0
iter 420: loss 6.1443
batch 421: mask sum = 5471.0
batch 422: mask sum = 5352.0
batch 423: mask sum = 5481.0
batch 424: mask sum = 4845.0
batch 425: mask sum = 4729.0
batch 426: mask sum = 4981.0
batch 427: mask sum = 5019.0
batch 428: mask sum = 5171.0
batch 429: mask sum = 5120.0
batch 430: mask sum = 4471.0
iter 430: loss 6.4673
batch 431: mask sum = 5890.0
batch 432: mask sum = 4933.0
batch 433: mask sum = 5336.0
batch 434: mask sum = 5864.0
batch 435: mask sum = 5821.0
batch 436: mask sum = 5988.0
batch 437: mask sum = 5776.0
batch 438: mask sum = 5662.0
batch 439: mask sum = 5430.0
batch 440: mask sum = 5796.0
iter 440: loss 6.1554
batch 441: mask sum = 5725.0
batch 442: mask sum = 5324.0
batch 443: mask sum = 5338.0
batch 444: mask sum = 4890.0
batch 445: mask sum = 5262.0
batch 446: mask sum = 5844.0
batch 447: mask sum = 4879.0
batch 448: mask sum = 5746.0
batch 449: mask sum = 5472.0
batch 450: mask sum = 5932.0
iter 450: loss 6.1590
batch 451: mask sum = 5544.0
batch 452: mask sum = 5286.0
batch 453: mask sum = 4722.0
batch 454: mask sum = 5545.0
batch 455: mask sum = 4749.0
batch 456: mask sum = 5869.0
batch 457: mask sum = 6096.0
batch 458: mask sum = 5743.0
batch 459: mask sum = 5762.0
batch 460: mask sum = 5812.0
iter 460: loss 5.9310
batch 461: mask sum = 5927.0
batch 462: mask sum = 5419.0
batch 463: mask sum = 5696.0
batch 464: mask sum = 5939.0
batch 465: mask sum = 5371.0
batch 466: mask sum = 5816.0
batch 467: mask sum = 5644.0
batch 468: mask sum = 6025.0
batch 469: mask sum = 5181.0
batch 470: mask sum = 5825.0
iter 470: loss 5.8158
batch 471: mask sum = 5737.0
batch 472: mask sum = 5564.0
batch 473: mask sum = 5336.0
batch 474: mask sum = 5721.0
batch 475: mask sum = 5794.0
batch 476: mask sum = 5818.0
batch 477: mask sum = 5643.0
batch 478: mask sum = 5224.0
batch 479: mask sum = 5554.0
batch 480: mask sum = 5876.0
iter 480: loss 5.8232
batch 481: mask sum = 6108.0
batch 482: mask sum = 5575.0
batch 483: mask sum = 5587.0
batch 484: mask sum = 6055.0
batch 485: mask sum = 4845.0
batch 486: mask sum = 6040.0
batch 487: mask sum = 5479.0
batch 488: mask sum = 5922.0
batch 489: mask sum = 5543.0
batch 490: mask sum = 5788.0
iter 490: loss 5.7225
batch 491: mask sum = 4994.0
batch 492: mask sum = 4988.0
batch 493: mask sum = 5200.0
batch 494: mask sum = 5716.0
batch 495: mask sum = 5394.0
batch 496: mask sum = 5935.0
batch 497: mask sum = 5307.0
batch 498: mask sum = 5111.0
batch 499: mask sum = 5420.0
batch 500: mask sum = 5833.0
iter 500: loss 5.7448
batch 501: mask sum = 5768.0
batch 502: mask sum = 6089.0
batch 503: mask sum = 6144.0
batch 504: mask sum = 5589.0
batch 505: mask sum = 5968.0
batch 506: mask sum = 6144.0
batch 507: mask sum = 5731.0
batch 508: mask sum = 5328.0
batch 509: mask sum = 5805.0
batch 510: mask sum = 5629.0
iter 510: loss 5.6367
batch 511: mask sum = 5542.0
batch 512: mask sum = 5884.0
batch 513: mask sum = 5956.0
batch 514: mask sum = 4566.0
batch 515: mask sum = 5335.0
batch 516: mask sum = 5590.0
batch 517: mask sum = 5134.0
batch 518: mask sum = 5592.0
batch 519: mask sum = 5620.0
batch 520: mask sum = 4619.0
iter 520: loss 5.7247
batch 521: mask sum = 5883.0
batch 522: mask sum = 5683.0
batch 523: mask sum = 5563.0
batch 524: mask sum = 5444.0
batch 525: mask sum = 4977.0
batch 526: mask sum = 5067.0
batch 527: mask sum = 5984.0
batch 528: mask sum = 5990.0
batch 529: mask sum = 5876.0
batch 530: mask sum = 5383.0
iter 530: loss 5.9130
batch 531: mask sum = 5673.0
batch 532: mask sum = 5031.0
batch 533: mask sum = 5764.0
batch 534: mask sum = 6042.0
batch 535: mask sum = 4683.0
batch 536: mask sum = 5701.0
batch 537: mask sum = 5412.0
batch 538: mask sum = 5574.0
batch 539: mask sum = 5919.0
batch 540: mask sum = 5053.0
iter 540: loss 5.9219
batch 541: mask sum = 5640.0
batch 542: mask sum = 4854.0
batch 543: mask sum = 5200.0
batch 544: mask sum = 5864.0
batch 545: mask sum = 5183.0
batch 546: mask sum = 4837.0
batch 547: mask sum = 4201.0
batch 548: mask sum = 5092.0
batch 549: mask sum = 5938.0
batch 550: mask sum = 5673.0
iter 550: loss 5.6729
batch 551: mask sum = 5883.0
batch 552: mask sum = 5689.0
batch 553: mask sum = 4868.0
batch 554: mask sum = 5784.0
batch 555: mask sum = 4984.0
batch 556: mask sum = 5113.0
batch 557: mask sum = 5007.0
batch 558: mask sum = 4344.0
batch 559: mask sum = 5040.0
batch 560: mask sum = 5497.0
iter 560: loss 5.6143
batch 561: mask sum = 5162.0
batch 562: mask sum = 6069.0
batch 563: mask sum = 5539.0
batch 564: mask sum = 5443.0
batch 565: mask sum = 4851.0
batch 566: mask sum = 6144.0
batch 567: mask sum = 3990.0
batch 568: mask sum = 5094.0
batch 569: mask sum = 4891.0
batch 570: mask sum = 5769.0
iter 570: loss 5.4185
batch 571: mask sum = 5174.0
batch 572: mask sum = 5970.0
batch 573: mask sum = 5798.0
batch 574: mask sum = 5605.0
batch 575: mask sum = 4693.0
batch 576: mask sum = 5092.0
batch 577: mask sum = 5933.0
batch 578: mask sum = 5824.0
batch 579: mask sum = 5350.0
batch 580: mask sum = 5478.0
iter 580: loss 5.3746
batch 581: mask sum = 5906.0
batch 582: mask sum = 5129.0
batch 583: mask sum = 5692.0
batch 584: mask sum = 5822.0
batch 585: mask sum = 5363.0
batch 586: mask sum = 5388.0
batch 587: mask sum = 5398.0
batch 588: mask sum = 5918.0
batch 589: mask sum = 5575.0
batch 590: mask sum = 5092.0
iter 590: loss 5.5553
batch 591: mask sum = 5251.0
batch 592: mask sum = 5112.0
batch 593: mask sum = 5603.0
batch 594: mask sum = 4776.0
batch 595: mask sum = 5245.0
batch 596: mask sum = 4785.0
batch 597: mask sum = 4960.0
batch 598: mask sum = 4672.0
batch 599: mask sum = 6051.0
batch 600: mask sum = 5120.0
iter 600: loss 5.5947
step 600: val loss 5.2117
batch 601: mask sum = 5407.0
batch 602: mask sum = 6098.0
batch 603: mask sum = 5921.0
batch 604: mask sum = 5140.0
batch 605: mask sum = 4554.0
batch 606: mask sum = 5940.0
batch 607: mask sum = 5511.0
batch 608: mask sum = 5294.0
batch 609: mask sum = 5779.0
batch 610: mask sum = 5442.0
iter 610: loss 5.2202
batch 611: mask sum = 5421.0
batch 612: mask sum = 5569.0
batch 613: mask sum = 5332.0
batch 614: mask sum = 5820.0
batch 615: mask sum = 5610.0
batch 616: mask sum = 5180.0
batch 617: mask sum = 5611.0
batch 618: mask sum = 5090.0
batch 619: mask sum = 5510.0
batch 620: mask sum = 5558.0
iter 620: loss 5.2650
batch 621: mask sum = 6005.0
batch 622: mask sum = 5870.0
batch 623: mask sum = 5990.0
batch 624: mask sum = 5278.0
batch 625: mask sum = 5118.0
batch 626: mask sum = 6046.0
batch 627: mask sum = 4831.0
batch 628: mask sum = 5195.0
batch 629: mask sum = 5254.0
batch 630: mask sum = 5071.0
iter 630: loss 5.5072
batch 631: mask sum = 5177.0
batch 632: mask sum = 5084.0
batch 633: mask sum = 5836.0
batch 634: mask sum = 5328.0
batch 635: mask sum = 5854.0
batch 636: mask sum = 5233.0
batch 637: mask sum = 4854.0
batch 638: mask sum = 4961.0
batch 639: mask sum = 6058.0
batch 640: mask sum = 4966.0
iter 640: loss 5.4959
batch 641: mask sum = 5191.0
batch 642: mask sum = 5833.0
batch 643: mask sum = 5998.0
batch 644: mask sum = 5446.0
batch 645: mask sum = 5606.0
batch 646: mask sum = 5596.0
batch 647: mask sum = 5446.0
batch 648: mask sum = 5515.0
batch 649: mask sum = 5762.0
batch 650: mask sum = 5380.0
iter 650: loss 5.1401
batch 651: mask sum = 5919.0
batch 652: mask sum = 5842.0
batch 653: mask sum = 5629.0
batch 654: mask sum = 5396.0
batch 655: mask sum = 5950.0
batch 656: mask sum = 5454.0
batch 657: mask sum = 5485.0
batch 658: mask sum = 5287.0
batch 659: mask sum = 5513.0
batch 660: mask sum = 5367.0
iter 660: loss 5.1973
batch 661: mask sum = 4879.0
batch 662: mask sum = 6063.0
batch 663: mask sum = 5456.0
batch 664: mask sum = 5959.0
batch 665: mask sum = 5897.0
batch 666: mask sum = 5627.0
batch 667: mask sum = 5481.0
batch 668: mask sum = 6144.0
batch 669: mask sum = 5848.0
batch 670: mask sum = 5278.0
iter 670: loss 5.3103
batch 671: mask sum = 5264.0
batch 672: mask sum = 5846.0
batch 673: mask sum = 4865.0
batch 674: mask sum = 4872.0
batch 675: mask sum = 5632.0
batch 676: mask sum = 5869.0
batch 677: mask sum = 5404.0
batch 678: mask sum = 5624.0
batch 679: mask sum = 5627.0
batch 680: mask sum = 5395.0
iter 680: loss 5.1587
batch 681: mask sum = 5146.0
batch 682: mask sum = 5370.0
batch 683: mask sum = 5758.0
batch 684: mask sum = 5090.0
batch 685: mask sum = 5442.0
batch 686: mask sum = 5312.0
batch 687: mask sum = 4999.0
batch 688: mask sum = 5704.0
batch 689: mask sum = 5246.0
batch 690: mask sum = 5540.0
iter 690: loss 5.1947
batch 691: mask sum = 6043.0
batch 692: mask sum = 5284.0
batch 693: mask sum = 4704.0
batch 694: mask sum = 4979.0
batch 695: mask sum = 5706.0
batch 696: mask sum = 5788.0
batch 697: mask sum = 4443.0
batch 698: mask sum = 5577.0
batch 699: mask sum = 3987.0
batch 700: mask sum = 4579.0
iter 700: loss 5.4938
batch 701: mask sum = 4902.0
batch 702: mask sum = 6015.0
batch 703: mask sum = 5056.0
batch 704: mask sum = 5632.0
batch 705: mask sum = 5857.0
batch 706: mask sum = 5220.0
batch 707: mask sum = 5454.0
batch 708: mask sum = 5630.0
batch 709: mask sum = 5931.0
batch 710: mask sum = 5425.0
iter 710: loss 5.1305
batch 711: mask sum = 5560.0
batch 712: mask sum = 5392.0
batch 713: mask sum = 5023.0
batch 714: mask sum = 5954.0
batch 715: mask sum = 5838.0
batch 716: mask sum = 4902.0
batch 717: mask sum = 5006.0
batch 718: mask sum = 6117.0
batch 719: mask sum = 5864.0
batch 720: mask sum = 5666.0
iter 720: loss 5.1151
batch 721: mask sum = 5860.0
batch 722: mask sum = 5726.0
batch 723: mask sum = 5570.0
batch 724: mask sum = 5286.0
batch 725: mask sum = 5254.0
batch 726: mask sum = 6091.0
batch 727: mask sum = 5764.0
batch 728: mask sum = 4989.0
batch 729: mask sum = 4917.0
batch 730: mask sum = 5557.0
iter 730: loss 5.0277
batch 731: mask sum = 5463.0
batch 732: mask sum = 5853.0
batch 733: mask sum = 4006.0
batch 734: mask sum = 5455.0
batch 735: mask sum = 6019.0
batch 736: mask sum = 5904.0
batch 737: mask sum = 5142.0
batch 738: mask sum = 5843.0
batch 739: mask sum = 5290.0
batch 740: mask sum = 4933.0
iter 740: loss 4.9238
batch 741: mask sum = 5886.0
batch 742: mask sum = 5847.0
batch 743: mask sum = 5924.0
batch 744: mask sum = 5632.0
batch 745: mask sum = 5951.0
batch 746: mask sum = 5549.0
batch 747: mask sum = 6061.0
batch 748: mask sum = 5425.0
batch 749: mask sum = 5042.0
batch 750: mask sum = 5936.0
iter 750: loss 4.9232
batch 751: mask sum = 4985.0
batch 752: mask sum = 5237.0
batch 753: mask sum = 5240.0
batch 754: mask sum = 5431.0
batch 755: mask sum = 4848.0
batch 756: mask sum = 5749.0
batch 757: mask sum = 5525.0
batch 758: mask sum = 5348.0
batch 759: mask sum = 5074.0
batch 760: mask sum = 5391.0
iter 760: loss 5.1065
batch 761: mask sum = 5156.0
batch 762: mask sum = 5019.0
batch 763: mask sum = 5704.0
batch 764: mask sum = 5573.0
batch 765: mask sum = 6031.0
batch 766: mask sum = 5773.0
batch 767: mask sum = 5619.0
batch 768: mask sum = 5148.0
batch 769: mask sum = 4853.0
batch 770: mask sum = 5696.0
iter 770: loss 5.1636
batch 771: mask sum = 5644.0
batch 772: mask sum = 5538.0
batch 773: mask sum = 5632.0
batch 774: mask sum = 5671.0
batch 775: mask sum = 5881.0
batch 776: mask sum = 5835.0
batch 777: mask sum = 5098.0
batch 778: mask sum = 6030.0
batch 779: mask sum = 5969.0
batch 780: mask sum = 5748.0
iter 780: loss 4.8926
batch 781: mask sum = 6144.0
batch 782: mask sum = 4834.0
batch 783: mask sum = 5120.0
batch 784: mask sum = 5951.0
batch 785: mask sum = 5876.0
batch 786: mask sum = 5121.0
batch 787: mask sum = 5527.0
batch 788: mask sum = 4829.0
batch 789: mask sum = 5907.0
batch 790: mask sum = 5344.0
iter 790: loss 4.9267
batch 791: mask sum = 5327.0
batch 792: mask sum = 5225.0
batch 793: mask sum = 5955.0
batch 794: mask sum = 5860.0
batch 795: mask sum = 5066.0
batch 796: mask sum = 4873.0
batch 797: mask sum = 5318.0
batch 798: mask sum = 5569.0
batch 799: mask sum = 5352.0
batch 800: mask sum = 5831.0
iter 800: loss 4.8769
step 800: val loss 4.8134
batch 801: mask sum = 5449.0
batch 802: mask sum = 5625.0
batch 803: mask sum = 5244.0
batch 804: mask sum = 5924.0
batch 805: mask sum = 5581.0
batch 806: mask sum = 5199.0
batch 807: mask sum = 5251.0
batch 808: mask sum = 6074.0
batch 809: mask sum = 5184.0
batch 810: mask sum = 6094.0
iter 810: loss 4.8000
batch 811: mask sum = 4591.0
batch 812: mask sum = 5563.0
batch 813: mask sum = 5377.0
batch 814: mask sum = 5734.0
batch 815: mask sum = 5193.0
batch 816: mask sum = 4989.0
batch 817: mask sum = 5426.0
batch 818: mask sum = 4717.0
batch 819: mask sum = 5421.0
batch 820: mask sum = 4912.0
iter 820: loss 5.2229
batch 821: mask sum = 5988.0
batch 822: mask sum = 5686.0
batch 823: mask sum = 6017.0
batch 824: mask sum = 4990.0
batch 825: mask sum = 5101.0
batch 826: mask sum = 5835.0
batch 827: mask sum = 5977.0
batch 828: mask sum = 5164.0
batch 829: mask sum = 6144.0
batch 830: mask sum = 5898.0
iter 830: loss 4.8471
batch 831: mask sum = 4629.0
batch 832: mask sum = 5029.0
batch 833: mask sum = 5580.0
batch 834: mask sum = 4724.0
batch 835: mask sum = 6019.0
batch 836: mask sum = 5395.0
batch 837: mask sum = 5908.0
batch 838: mask sum = 4979.0
batch 839: mask sum = 5133.0
batch 840: mask sum = 5127.0
iter 840: loss 5.0437
batch 841: mask sum = 5010.0
batch 842: mask sum = 5090.0
batch 843: mask sum = 4258.0
batch 844: mask sum = 5183.0
batch 845: mask sum = 5713.0
batch 846: mask sum = 5503.0
batch 847: mask sum = 5287.0
batch 848: mask sum = 5912.0
batch 849: mask sum = 5409.0
batch 850: mask sum = 5350.0
iter 850: loss 4.9594
batch 851: mask sum = 5353.0
batch 852: mask sum = 5289.0
batch 853: mask sum = 5678.0
batch 854: mask sum = 5236.0
batch 855: mask sum = 5214.0
batch 856: mask sum = 5486.0
batch 857: mask sum = 5504.0
batch 858: mask sum = 5674.0
batch 859: mask sum = 6004.0
batch 860: mask sum = 5172.0
iter 860: loss 4.7208
batch 861: mask sum = 5941.0
batch 862: mask sum = 5253.0
batch 863: mask sum = 5543.0
batch 864: mask sum = 5834.0
batch 865: mask sum = 5241.0
batch 866: mask sum = 5197.0
batch 867: mask sum = 5362.0
batch 868: mask sum = 5835.0
batch 869: mask sum = 5467.0
batch 870: mask sum = 5170.0
iter 870: loss 4.8840
batch 871: mask sum = 5394.0
batch 872: mask sum = 5642.0
batch 873: mask sum = 4942.0
batch 874: mask sum = 5457.0
batch 875: mask sum = 4991.0
batch 876: mask sum = 5336.0
batch 877: mask sum = 5600.0
batch 878: mask sum = 5760.0
batch 879: mask sum = 5632.0
batch 880: mask sum = 5294.0
iter 880: loss 4.7086
batch 881: mask sum = 4593.0
batch 882: mask sum = 5579.0
batch 883: mask sum = 5556.0
batch 884: mask sum = 5134.0
batch 885: mask sum = 5771.0
batch 886: mask sum = 6144.0
batch 887: mask sum = 5676.0
batch 888: mask sum = 5711.0
batch 889: mask sum = 5015.0
batch 890: mask sum = 5550.0
iter 890: loss 4.9480
batch 891: mask sum = 5446.0
batch 892: mask sum = 4703.0
batch 893: mask sum = 4937.0
batch 894: mask sum = 5371.0
batch 895: mask sum = 5841.0
batch 896: mask sum = 5811.0
batch 897: mask sum = 4124.0
batch 898: mask sum = 5494.0
batch 899: mask sum = 6044.0
batch 900: mask sum = 4791.0
iter 900: loss 4.7093
batch 901: mask sum = 5108.0
batch 902: mask sum = 5808.0
batch 903: mask sum = 6024.0
batch 904: mask sum = 5860.0
batch 905: mask sum = 5632.0
batch 906: mask sum = 5336.0
batch 907: mask sum = 5974.0
batch 908: mask sum = 5406.0
batch 909: mask sum = 5578.0
batch 910: mask sum = 5740.0
iter 910: loss 4.6777
batch 911: mask sum = 4378.0
batch 912: mask sum = 5707.0
batch 913: mask sum = 3731.0
batch 914: mask sum = 5080.0
batch 915: mask sum = 5578.0
batch 916: mask sum = 5417.0
batch 917: mask sum = 5971.0
batch 918: mask sum = 5142.0
batch 919: mask sum = 5022.0
batch 920: mask sum = 5419.0
iter 920: loss 4.8917
batch 921: mask sum = 5704.0
batch 922: mask sum = 5146.0
batch 923: mask sum = 5453.0
batch 924: mask sum = 5657.0
batch 925: mask sum = 5883.0
batch 926: mask sum = 5673.0
batch 927: mask sum = 6025.0
batch 928: mask sum = 5611.0
batch 929: mask sum = 5325.0
batch 930: mask sum = 4816.0
iter 930: loss 4.8174
batch 931: mask sum = 5803.0
batch 932: mask sum = 5807.0
batch 933: mask sum = 4873.0
batch 934: mask sum = 5732.0
batch 935: mask sum = 5281.0
batch 936: mask sum = 5556.0
batch 937: mask sum = 4833.0
batch 938: mask sum = 5834.0
batch 939: mask sum = 4779.0
batch 940: mask sum = 5859.0
iter 940: loss 4.8994
batch 941: mask sum = 5314.0
batch 942: mask sum = 5481.0
batch 943: mask sum = 5423.0
batch 944: mask sum = 4382.0
batch 945: mask sum = 4820.0
batch 946: mask sum = 5572.0
batch 947: mask sum = 5480.0
batch 948: mask sum = 5259.0
batch 949: mask sum = 5663.0
batch 950: mask sum = 5799.0
iter 950: loss 4.6465
batch 951: mask sum = 4785.0
batch 952: mask sum = 5758.0
batch 953: mask sum = 5811.0
batch 954: mask sum = 5590.0
batch 955: mask sum = 5631.0
batch 956: mask sum = 5115.0
batch 957: mask sum = 5092.0
batch 958: mask sum = 4648.0
batch 959: mask sum = 5734.0
batch 960: mask sum = 6079.0
iter 960: loss 4.6833
batch 961: mask sum = 5837.0
batch 962: mask sum = 5422.0
batch 963: mask sum = 5828.0
batch 964: mask sum = 5283.0
batch 965: mask sum = 4888.0
batch 966: mask sum = 6025.0
batch 967: mask sum = 6059.0
batch 968: mask sum = 4985.0
batch 969: mask sum = 6108.0
batch 970: mask sum = 5939.0
iter 970: loss 4.6063
batch 971: mask sum = 5883.0
batch 972: mask sum = 6144.0
batch 973: mask sum = 5312.0
batch 974: mask sum = 5565.0
batch 975: mask sum = 5926.0
batch 976: mask sum = 5283.0
batch 977: mask sum = 5669.0
batch 978: mask sum = 5639.0
batch 979: mask sum = 5242.0
batch 980: mask sum = 5764.0
iter 980: loss 4.6107
batch 981: mask sum = 4709.0
batch 982: mask sum = 6007.0
batch 983: mask sum = 4669.0
batch 984: mask sum = 5373.0
batch 985: mask sum = 5694.0
batch 986: mask sum = 6129.0
batch 987: mask sum = 4985.0
batch 988: mask sum = 5483.0
batch 989: mask sum = 6096.0
batch 990: mask sum = 4920.0
iter 990: loss 4.9072
batch 991: mask sum = 5253.0
batch 992: mask sum = 4472.0
batch 993: mask sum = 5686.0
batch 994: mask sum = 4778.0
batch 995: mask sum = 5128.0
batch 996: mask sum = 5360.0
batch 997: mask sum = 5541.0
batch 998: mask sum = 5372.0
batch 999: mask sum = 5110.0
batch 1000: mask sum = 5352.0
iter 1000: loss 4.7383
step 1000: val loss 4.4393
batch 1001: mask sum = 6028.0
batch 1002: mask sum = 4832.0
batch 1003: mask sum = 5673.0
batch 1004: mask sum = 5782.0
batch 1005: mask sum = 5437.0
batch 1006: mask sum = 5884.0
batch 1007: mask sum = 5411.0
batch 1008: mask sum = 5514.0
batch 1009: mask sum = 5043.0
batch 1010: mask sum = 5842.0
iter 1010: loss 4.7004
batch 1011: mask sum = 4810.0
batch 1012: mask sum = 5418.0
batch 1013: mask sum = 5571.0
batch 1014: mask sum = 5706.0
batch 1015: mask sum = 5054.0
batch 1016: mask sum = 5355.0
batch 1017: mask sum = 6144.0
batch 1018: mask sum = 5016.0
batch 1019: mask sum = 5897.0
batch 1020: mask sum = 5627.0
iter 1020: loss 4.5880
batch 1021: mask sum = 5287.0
batch 1022: mask sum = 5497.0
batch 1023: mask sum = 5686.0
batch 1024: mask sum = 4959.0
batch 1025: mask sum = 5723.0
batch 1026: mask sum = 6003.0
batch 1027: mask sum = 4988.0
batch 1028: mask sum = 4791.0
batch 1029: mask sum = 5326.0
batch 1030: mask sum = 5298.0
iter 1030: loss 4.4254
batch 1031: mask sum = 5667.0
batch 1032: mask sum = 5334.0
batch 1033: mask sum = 6144.0
batch 1034: mask sum = 5632.0
batch 1035: mask sum = 5756.0
batch 1036: mask sum = 5947.0
batch 1037: mask sum = 6120.0
batch 1038: mask sum = 5369.0
batch 1039: mask sum = 4870.0
batch 1040: mask sum = 4758.0
iter 1040: loss 4.5094
batch 1041: mask sum = 5142.0
batch 1042: mask sum = 5282.0
batch 1043: mask sum = 6026.0
batch 1044: mask sum = 5320.0
batch 1045: mask sum = 4905.0
batch 1046: mask sum = 5565.0
batch 1047: mask sum = 6048.0
batch 1048: mask sum = 5424.0
batch 1049: mask sum = 5548.0
batch 1050: mask sum = 6009.0
iter 1050: loss 4.6299
batch 1051: mask sum = 5900.0
batch 1052: mask sum = 5385.0
batch 1053: mask sum = 5356.0
batch 1054: mask sum = 5978.0
batch 1055: mask sum = 4460.0
batch 1056: mask sum = 5062.0
batch 1057: mask sum = 5444.0
batch 1058: mask sum = 5800.0
batch 1059: mask sum = 4759.0
batch 1060: mask sum = 6045.0
iter 1060: loss 4.4835
batch 1061: mask sum = 5195.0
batch 1062: mask sum = 6012.0
batch 1063: mask sum = 5381.0
batch 1064: mask sum = 5338.0
batch 1065: mask sum = 5518.0
batch 1066: mask sum = 5904.0
batch 1067: mask sum = 5632.0
batch 1068: mask sum = 5954.0
batch 1069: mask sum = 5667.0
batch 1070: mask sum = 5163.0
iter 1070: loss 4.4396
batch 1071: mask sum = 5784.0
batch 1072: mask sum = 6000.0
batch 1073: mask sum = 5637.0
batch 1074: mask sum = 5653.0
batch 1075: mask sum = 5610.0
batch 1076: mask sum = 5472.0
batch 1077: mask sum = 4541.0
batch 1078: mask sum = 4854.0
batch 1079: mask sum = 5515.0
batch 1080: mask sum = 5877.0
iter 1080: loss 4.5137
batch 1081: mask sum = 5747.0
batch 1082: mask sum = 5403.0
batch 1083: mask sum = 5001.0
batch 1084: mask sum = 5186.0
batch 1085: mask sum = 5988.0
batch 1086: mask sum = 5941.0
batch 1087: mask sum = 6144.0
batch 1088: mask sum = 5826.0
batch 1089: mask sum = 5591.0
batch 1090: mask sum = 5345.0
iter 1090: loss 4.3855
batch 1091: mask sum = 5264.0
batch 1092: mask sum = 5192.0
batch 1093: mask sum = 5694.0
batch 1094: mask sum = 5307.0
batch 1095: mask sum = 5242.0
batch 1096: mask sum = 5867.0
batch 1097: mask sum = 5388.0
batch 1098: mask sum = 5867.0
batch 1099: mask sum = 5820.0
batch 1100: mask sum = 5570.0
iter 1100: loss 4.7583
batch 1101: mask sum = 5632.0
batch 1102: mask sum = 5770.0
batch 1103: mask sum = 5718.0
batch 1104: mask sum = 4394.0
batch 1105: mask sum = 5440.0
batch 1106: mask sum = 4953.0
batch 1107: mask sum = 4975.0
batch 1108: mask sum = 5103.0
batch 1109: mask sum = 5035.0
batch 1110: mask sum = 5650.0
iter 1110: loss 4.3862
batch 1111: mask sum = 5658.0
batch 1112: mask sum = 6140.0
batch 1113: mask sum = 5768.0
batch 1114: mask sum = 5779.0
batch 1115: mask sum = 5725.0
batch 1116: mask sum = 5282.0
batch 1117: mask sum = 6006.0
batch 1118: mask sum = 5799.0
batch 1119: mask sum = 6144.0
batch 1120: mask sum = 5089.0
iter 1120: loss 4.4976
batch 1121: mask sum = 4572.0
batch 1122: mask sum = 5512.0
batch 1123: mask sum = 5567.0
batch 1124: mask sum = 5707.0
batch 1125: mask sum = 5413.0
batch 1126: mask sum = 5699.0
batch 1127: mask sum = 5761.0
batch 1128: mask sum = 5796.0
batch 1129: mask sum = 5537.0
batch 1130: mask sum = 4931.0
iter 1130: loss 4.7807
batch 1131: mask sum = 5881.0
batch 1132: mask sum = 5305.0
batch 1133: mask sum = 5251.0
batch 1134: mask sum = 5304.0
batch 1135: mask sum = 5925.0
batch 1136: mask sum = 5363.0
batch 1137: mask sum = 5870.0
batch 1138: mask sum = 5555.0
batch 1139: mask sum = 5503.0
batch 1140: mask sum = 5971.0
iter 1140: loss 4.3708
batch 1141: mask sum = 5632.0
batch 1142: mask sum = 5581.0
batch 1143: mask sum = 5197.0
batch 1144: mask sum = 5500.0
batch 1145: mask sum = 5770.0
batch 1146: mask sum = 5136.0
batch 1147: mask sum = 5205.0
batch 1148: mask sum = 5775.0
batch 1149: mask sum = 5719.0
batch 1150: mask sum = 6002.0
iter 1150: loss 4.5751
batch 1151: mask sum = 5492.0
batch 1152: mask sum = 6027.0
batch 1153: mask sum = 5315.0
batch 1154: mask sum = 5963.0
batch 1155: mask sum = 5545.0
batch 1156: mask sum = 4923.0
batch 1157: mask sum = 5836.0
batch 1158: mask sum = 5031.0
batch 1159: mask sum = 5347.0
batch 1160: mask sum = 5582.0
iter 1160: loss 4.3892
batch 1161: mask sum = 5213.0
batch 1162: mask sum = 5899.0
batch 1163: mask sum = 5293.0
batch 1164: mask sum = 5128.0
batch 1165: mask sum = 6099.0
batch 1166: mask sum = 5800.0
batch 1167: mask sum = 5398.0
batch 1168: mask sum = 5521.0
batch 1169: mask sum = 5227.0
batch 1170: mask sum = 5993.0
iter 1170: loss 4.2168
batch 1171: mask sum = 5763.0
batch 1172: mask sum = 6083.0
batch 1173: mask sum = 5247.0
batch 1174: mask sum = 5332.0
batch 1175: mask sum = 5217.0
batch 1176: mask sum = 5808.0
batch 1177: mask sum = 5311.0
batch 1178: mask sum = 5632.0
batch 1179: mask sum = 5855.0
batch 1180: mask sum = 5315.0
iter 1180: loss 4.4494
batch 1181: mask sum = 6064.0
batch 1182: mask sum = 6049.0
batch 1183: mask sum = 5033.0
batch 1184: mask sum = 5325.0
batch 1185: mask sum = 5167.0
batch 1186: mask sum = 5350.0
batch 1187: mask sum = 5829.0
batch 1188: mask sum = 5824.0
batch 1189: mask sum = 4996.0
batch 1190: mask sum = 5908.0
iter 1190: loss 4.2498
batch 1191: mask sum = 4629.0
batch 1192: mask sum = 5828.0
batch 1193: mask sum = 5932.0
batch 1194: mask sum = 6026.0
batch 1195: mask sum = 4345.0
batch 1196: mask sum = 5065.0
batch 1197: mask sum = 5671.0
batch 1198: mask sum = 5801.0
batch 1199: mask sum = 5625.0
batch 1200: mask sum = 4382.0
iter 1200: loss 5.0517
step 1200: val loss 4.1819
batch 1201: mask sum = 5273.0
batch 1202: mask sum = 5206.0
batch 1203: mask sum = 5291.0
batch 1204: mask sum = 5668.0
batch 1205: mask sum = 5942.0
batch 1206: mask sum = 6079.0
batch 1207: mask sum = 5456.0
batch 1208: mask sum = 5391.0
batch 1209: mask sum = 5773.0
batch 1210: mask sum = 5720.0
iter 1210: loss 4.4050
batch 1211: mask sum = 5435.0
batch 1212: mask sum = 5883.0
batch 1213: mask sum = 5311.0
batch 1214: mask sum = 4437.0
batch 1215: mask sum = 5158.0
batch 1216: mask sum = 5965.0
batch 1217: mask sum = 5434.0
batch 1218: mask sum = 5825.0
batch 1219: mask sum = 4697.0
batch 1220: mask sum = 5395.0
iter 1220: loss 4.2763
batch 1221: mask sum = 4242.0
batch 1222: mask sum = 4856.0
batch 1223: mask sum = 5296.0
batch 1224: mask sum = 5892.0
batch 1225: mask sum = 5410.0
batch 1226: mask sum = 5695.0
batch 1227: mask sum = 6144.0
batch 1228: mask sum = 5051.0
batch 1229: mask sum = 5840.0
batch 1230: mask sum = 5300.0
iter 1230: loss 4.1444
batch 1231: mask sum = 4318.0
batch 1232: mask sum = 5313.0
batch 1233: mask sum = 5919.0
batch 1234: mask sum = 5622.0
batch 1235: mask sum = 4477.0
batch 1236: mask sum = 5325.0
batch 1237: mask sum = 5856.0
batch 1238: mask sum = 5968.0
batch 1239: mask sum = 5498.0
batch 1240: mask sum = 5660.0
iter 1240: loss 4.2062
batch 1241: mask sum = 5818.0
batch 1242: mask sum = 5336.0
batch 1243: mask sum = 5712.0
batch 1244: mask sum = 5740.0
batch 1245: mask sum = 5170.0
batch 1246: mask sum = 5284.0
batch 1247: mask sum = 4852.0
batch 1248: mask sum = 5226.0
batch 1249: mask sum = 5829.0
batch 1250: mask sum = 5431.0
iter 1250: loss 4.2095
batch 1251: mask sum = 5373.0
batch 1252: mask sum = 6004.0
batch 1253: mask sum = 5448.0
batch 1254: mask sum = 4846.0
batch 1255: mask sum = 5771.0
batch 1256: mask sum = 5863.0
batch 1257: mask sum = 5904.0
batch 1258: mask sum = 5541.0
batch 1259: mask sum = 4811.0
batch 1260: mask sum = 6055.0
iter 1260: loss 4.1019
batch 1261: mask sum = 5776.0
batch 1262: mask sum = 5068.0
batch 1263: mask sum = 5910.0
batch 1264: mask sum = 5246.0
batch 1265: mask sum = 5377.0
batch 1266: mask sum = 5841.0
batch 1267: mask sum = 5206.0
batch 1268: mask sum = 5675.0
batch 1269: mask sum = 5734.0
batch 1270: mask sum = 5060.0
iter 1270: loss 4.2068
batch 1271: mask sum = 5761.0
batch 1272: mask sum = 5253.0
batch 1273: mask sum = 5967.0
batch 1274: mask sum = 4655.0
batch 1275: mask sum = 5227.0
batch 1276: mask sum = 6054.0
batch 1277: mask sum = 5581.0
batch 1278: mask sum = 5339.0
batch 1279: mask sum = 5928.0
batch 1280: mask sum = 5546.0
iter 1280: loss 4.4886
batch 1281: mask sum = 4554.0
batch 1282: mask sum = 5572.0
batch 1283: mask sum = 4701.0
batch 1284: mask sum = 6062.0
batch 1285: mask sum = 5800.0
batch 1286: mask sum = 5474.0
batch 1287: mask sum = 5755.0
batch 1288: mask sum = 5696.0
batch 1289: mask sum = 5944.0
batch 1290: mask sum = 5873.0
iter 1290: loss 4.1393
batch 1291: mask sum = 4856.0
batch 1292: mask sum = 4467.0
batch 1293: mask sum = 5939.0
batch 1294: mask sum = 5664.0
batch 1295: mask sum = 5826.0
batch 1296: mask sum = 5324.0
batch 1297: mask sum = 5444.0
batch 1298: mask sum = 5131.0
batch 1299: mask sum = 4713.0
batch 1300: mask sum = 5604.0
iter 1300: loss 4.0542
batch 1301: mask sum = 5627.0
batch 1302: mask sum = 4664.0
batch 1303: mask sum = 5957.0
batch 1304: mask sum = 5528.0
batch 1305: mask sum = 6044.0
batch 1306: mask sum = 4899.0
batch 1307: mask sum = 5932.0
batch 1308: mask sum = 5495.0
batch 1309: mask sum = 5913.0
batch 1310: mask sum = 5830.0
iter 1310: loss 4.1076
batch 1311: mask sum = 5326.0
batch 1312: mask sum = 5966.0
batch 1313: mask sum = 5784.0
batch 1314: mask sum = 4844.0
batch 1315: mask sum = 5553.0
batch 1316: mask sum = 5287.0
batch 1317: mask sum = 5116.0
batch 1318: mask sum = 5647.0
batch 1319: mask sum = 5887.0
batch 1320: mask sum = 4581.0
iter 1320: loss 4.0816
batch 1321: mask sum = 4823.0
batch 1322: mask sum = 5491.0
batch 1323: mask sum = 5780.0
batch 1324: mask sum = 5366.0
batch 1325: mask sum = 5664.0
batch 1326: mask sum = 4867.0
batch 1327: mask sum = 3995.0
batch 1328: mask sum = 5300.0
batch 1329: mask sum = 4903.0
batch 1330: mask sum = 4968.0
iter 1330: loss 4.1068
batch 1331: mask sum = 5680.0
batch 1332: mask sum = 5456.0
batch 1333: mask sum = 6076.0
batch 1334: mask sum = 5861.0
batch 1335: mask sum = 5886.0
batch 1336: mask sum = 5573.0
batch 1337: mask sum = 5899.0
batch 1338: mask sum = 5436.0
batch 1339: mask sum = 5585.0
batch 1340: mask sum = 5877.0
iter 1340: loss 4.0310
batch 1341: mask sum = 4629.0
batch 1342: mask sum = 4740.0
batch 1343: mask sum = 5139.0
batch 1344: mask sum = 5820.0
batch 1345: mask sum = 5884.0
batch 1346: mask sum = 5912.0
batch 1347: mask sum = 5281.0
batch 1348: mask sum = 5310.0
batch 1349: mask sum = 5527.0
batch 1350: mask sum = 5852.0
iter 1350: loss 4.0552
batch 1351: mask sum = 5873.0
batch 1352: mask sum = 5723.0
batch 1353: mask sum = 5269.0
batch 1354: mask sum = 5933.0
batch 1355: mask sum = 5841.0
batch 1356: mask sum = 6068.0
batch 1357: mask sum = 5102.0
batch 1358: mask sum = 5516.0
batch 1359: mask sum = 5004.0
batch 1360: mask sum = 5516.0
iter 1360: loss 4.2122
batch 1361: mask sum = 5604.0
batch 1362: mask sum = 5558.0
batch 1363: mask sum = 4702.0
batch 1364: mask sum = 5064.0
batch 1365: mask sum = 5155.0
batch 1366: mask sum = 6013.0
batch 1367: mask sum = 5234.0
batch 1368: mask sum = 5085.0
batch 1369: mask sum = 5361.0
batch 1370: mask sum = 5466.0
iter 1370: loss 4.0675
batch 1371: mask sum = 4873.0
batch 1372: mask sum = 5140.0
batch 1373: mask sum = 5643.0
batch 1374: mask sum = 6144.0
batch 1375: mask sum = 5373.0
batch 1376: mask sum = 5389.0
batch 1377: mask sum = 5319.0
batch 1378: mask sum = 5223.0
batch 1379: mask sum = 5873.0
batch 1380: mask sum = 5853.0
iter 1380: loss 4.2195
batch 1381: mask sum = 5563.0
batch 1382: mask sum = 4825.0
batch 1383: mask sum = 5129.0
batch 1384: mask sum = 5713.0
batch 1385: mask sum = 5416.0
batch 1386: mask sum = 5004.0
batch 1387: mask sum = 5393.0
batch 1388: mask sum = 5476.0
batch 1389: mask sum = 5686.0
batch 1390: mask sum = 5303.0
iter 1390: loss 4.0052
batch 1391: mask sum = 5590.0
batch 1392: mask sum = 4488.0
batch 1393: mask sum = 5799.0
batch 1394: mask sum = 5210.0
batch 1395: mask sum = 5509.0
batch 1396: mask sum = 4873.0
batch 1397: mask sum = 4445.0
batch 1398: mask sum = 4803.0
batch 1399: mask sum = 5087.0
batch 1400: mask sum = 5968.0
iter 1400: loss 4.0288
step 1400: val loss 3.9829
batch 1401: mask sum = 5621.0
batch 1402: mask sum = 5301.0
batch 1403: mask sum = 5677.0
batch 1404: mask sum = 5288.0
batch 1405: mask sum = 5746.0
batch 1406: mask sum = 5402.0
batch 1407: mask sum = 5835.0
batch 1408: mask sum = 5074.0
batch 1409: mask sum = 5019.0
batch 1410: mask sum = 5717.0
iter 1410: loss 4.1458
batch 1411: mask sum = 5216.0
batch 1412: mask sum = 5356.0
batch 1413: mask sum = 5579.0
batch 1414: mask sum = 5957.0
batch 1415: mask sum = 5505.0
batch 1416: mask sum = 5854.0
batch 1417: mask sum = 5256.0
batch 1418: mask sum = 6114.0
batch 1419: mask sum = 5220.0
batch 1420: mask sum = 5129.0
iter 1420: loss 4.3334
batch 1421: mask sum = 5921.0
batch 1422: mask sum = 5832.0
batch 1423: mask sum = 5545.0
batch 1424: mask sum = 5975.0
batch 1425: mask sum = 5862.0
batch 1426: mask sum = 5754.0
batch 1427: mask sum = 6003.0
batch 1428: mask sum = 5444.0
batch 1429: mask sum = 5395.0
batch 1430: mask sum = 5856.0
iter 1430: loss 4.0257
batch 1431: mask sum = 5592.0
batch 1432: mask sum = 5926.0
batch 1433: mask sum = 5867.0
batch 1434: mask sum = 5984.0
batch 1435: mask sum = 5963.0
batch 1436: mask sum = 5557.0
batch 1437: mask sum = 4816.0
batch 1438: mask sum = 4585.0
batch 1439: mask sum = 5442.0
batch 1440: mask sum = 4780.0
iter 1440: loss 4.1079
batch 1441: mask sum = 4474.0
batch 1442: mask sum = 5500.0
batch 1443: mask sum = 5791.0
batch 1444: mask sum = 5790.0
batch 1445: mask sum = 5261.0
batch 1446: mask sum = 5101.0
batch 1447: mask sum = 5478.0
batch 1448: mask sum = 5097.0
batch 1449: mask sum = 5913.0
batch 1450: mask sum = 5799.0
iter 1450: loss 3.9570
batch 1451: mask sum = 4940.0
batch 1452: mask sum = 5348.0
batch 1453: mask sum = 5777.0
batch 1454: mask sum = 5823.0
batch 1455: mask sum = 5468.0
batch 1456: mask sum = 5771.0
batch 1457: mask sum = 5330.0
batch 1458: mask sum = 5639.0
batch 1459: mask sum = 5462.0
batch 1460: mask sum = 4817.0
iter 1460: loss 3.9892
batch 1461: mask sum = 4897.0
batch 1462: mask sum = 6022.0
batch 1463: mask sum = 6036.0
batch 1464: mask sum = 5951.0
batch 1465: mask sum = 5165.0
batch 1466: mask sum = 5839.0
batch 1467: mask sum = 5224.0
batch 1468: mask sum = 5540.0
batch 1469: mask sum = 5456.0
batch 1470: mask sum = 5855.0
iter 1470: loss 3.9703
batch 1471: mask sum = 5027.0
batch 1472: mask sum = 5809.0
batch 1473: mask sum = 5574.0
batch 1474: mask sum = 4672.0
batch 1475: mask sum = 5039.0
batch 1476: mask sum = 6069.0
batch 1477: mask sum = 5040.0
batch 1478: mask sum = 5146.0
batch 1479: mask sum = 5346.0
batch 1480: mask sum = 5831.0
iter 1480: loss 4.0456
batch 1481: mask sum = 5567.0
batch 1482: mask sum = 4537.0
batch 1483: mask sum = 5255.0
batch 1484: mask sum = 4802.0
batch 1485: mask sum = 5428.0
batch 1486: mask sum = 5486.0
batch 1487: mask sum = 5867.0
batch 1488: mask sum = 5514.0
batch 1489: mask sum = 4680.0
batch 1490: mask sum = 5312.0
iter 1490: loss 3.8708
batch 1491: mask sum = 5857.0
batch 1492: mask sum = 4493.0
batch 1493: mask sum = 5130.0
batch 1494: mask sum = 5752.0
batch 1495: mask sum = 5740.0
batch 1496: mask sum = 5147.0
batch 1497: mask sum = 5420.0
batch 1498: mask sum = 6031.0
batch 1499: mask sum = 5895.0
batch 1500: mask sum = 5213.0
iter 1500: loss 4.3490
batch 1501: mask sum = 5604.0
batch 1502: mask sum = 5960.0
batch 1503: mask sum = 5859.0
batch 1504: mask sum = 5328.0
batch 1505: mask sum = 6144.0
batch 1506: mask sum = 5113.0
batch 1507: mask sum = 5091.0
batch 1508: mask sum = 5723.0
batch 1509: mask sum = 6144.0
batch 1510: mask sum = 5784.0
iter 1510: loss 4.0849
batch 1511: mask sum = 5269.0
batch 1512: mask sum = 5893.0
batch 1513: mask sum = 5131.0
batch 1514: mask sum = 5993.0
batch 1515: mask sum = 5719.0
batch 1516: mask sum = 5835.0
batch 1517: mask sum = 5423.0
batch 1518: mask sum = 5399.0
batch 1519: mask sum = 5246.0
batch 1520: mask sum = 5538.0
iter 1520: loss 4.0832
batch 1521: mask sum = 5266.0
batch 1522: mask sum = 5765.0
batch 1523: mask sum = 5805.0
batch 1524: mask sum = 5590.0
batch 1525: mask sum = 5566.0
batch 1526: mask sum = 4569.0
batch 1527: mask sum = 5504.0
batch 1528: mask sum = 5285.0
batch 1529: mask sum = 5101.0
batch 1530: mask sum = 4827.0
iter 1530: loss 4.2851
batch 1531: mask sum = 5638.0
batch 1532: mask sum = 5601.0
batch 1533: mask sum = 5426.0
batch 1534: mask sum = 5057.0
batch 1535: mask sum = 5842.0
batch 1536: mask sum = 5229.0
batch 1537: mask sum = 4783.0
batch 1538: mask sum = 5277.0
batch 1539: mask sum = 5750.0
batch 1540: mask sum = 5783.0
iter 1540: loss 4.0881
batch 1541: mask sum = 5489.0
batch 1542: mask sum = 5301.0
batch 1543: mask sum = 5870.0
batch 1544: mask sum = 5959.0
batch 1545: mask sum = 5289.0
batch 1546: mask sum = 4878.0
batch 1547: mask sum = 5501.0
batch 1548: mask sum = 5609.0
batch 1549: mask sum = 5453.0
batch 1550: mask sum = 5801.0
iter 1550: loss 4.0561
batch 1551: mask sum = 6041.0
batch 1552: mask sum = 5356.0
batch 1553: mask sum = 5231.0
batch 1554: mask sum = 6030.0
batch 1555: mask sum = 5580.0
batch 1556: mask sum = 5798.0
batch 1557: mask sum = 5093.0
batch 1558: mask sum = 5370.0
batch 1559: mask sum = 5837.0
batch 1560: mask sum = 4878.0
iter 1560: loss 4.2831
batch 1561: mask sum = 4987.0
batch 1562: mask sum = 6013.0
batch 1563: mask sum = 5565.0
batch 1564: mask sum = 5615.0
batch 1565: mask sum = 4883.0
batch 1566: mask sum = 5172.0
batch 1567: mask sum = 5352.0
batch 1568: mask sum = 5618.0
batch 1569: mask sum = 5764.0
batch 1570: mask sum = 5156.0
iter 1570: loss 3.8999
batch 1571: mask sum = 5827.0
batch 1572: mask sum = 5528.0
batch 1573: mask sum = 5075.0
batch 1574: mask sum = 5892.0
batch 1575: mask sum = 5831.0
batch 1576: mask sum = 5462.0
batch 1577: mask sum = 5551.0
batch 1578: mask sum = 5216.0
batch 1579: mask sum = 5651.0
batch 1580: mask sum = 5939.0
iter 1580: loss 4.0296
batch 1581: mask sum = 5667.0
batch 1582: mask sum = 6047.0
batch 1583: mask sum = 5638.0
batch 1584: mask sum = 5753.0
batch 1585: mask sum = 5685.0
batch 1586: mask sum = 5139.0
batch 1587: mask sum = 5785.0
batch 1588: mask sum = 5531.0
batch 1589: mask sum = 4615.0
batch 1590: mask sum = 5055.0
iter 1590: loss 4.1647
batch 1591: mask sum = 5633.0
batch 1592: mask sum = 5789.0
batch 1593: mask sum = 5942.0
batch 1594: mask sum = 6099.0
batch 1595: mask sum = 5666.0
batch 1596: mask sum = 5721.0
batch 1597: mask sum = 5505.0
batch 1598: mask sum = 5994.0
batch 1599: mask sum = 4982.0
batch 1600: mask sum = 6093.0
iter 1600: loss 3.9175
step 1600: val loss 3.8597
batch 1601: mask sum = 5723.0
batch 1602: mask sum = 5594.0
batch 1603: mask sum = 4649.0
batch 1604: mask sum = 5864.0
batch 1605: mask sum = 5818.0
batch 1606: mask sum = 5414.0
batch 1607: mask sum = 5435.0
batch 1608: mask sum = 5179.0
batch 1609: mask sum = 5722.0
batch 1610: mask sum = 4978.0
iter 1610: loss 3.9441
batch 1611: mask sum = 4632.0
batch 1612: mask sum = 4604.0
batch 1613: mask sum = 5000.0
batch 1614: mask sum = 5525.0
batch 1615: mask sum = 5369.0
batch 1616: mask sum = 5164.0
batch 1617: mask sum = 5707.0
batch 1618: mask sum = 5742.0
batch 1619: mask sum = 5948.0
batch 1620: mask sum = 5833.0
iter 1620: loss 3.9022
batch 1621: mask sum = 5384.0
batch 1622: mask sum = 5873.0
batch 1623: mask sum = 5074.0
batch 1624: mask sum = 5311.0
batch 1625: mask sum = 5840.0
batch 1626: mask sum = 5891.0
batch 1627: mask sum = 5130.0
batch 1628: mask sum = 4624.0
batch 1629: mask sum = 5205.0
batch 1630: mask sum = 5365.0
iter 1630: loss 4.0655
batch 1631: mask sum = 5928.0
batch 1632: mask sum = 5608.0
batch 1633: mask sum = 4635.0
batch 1634: mask sum = 4849.0
batch 1635: mask sum = 5836.0
batch 1636: mask sum = 5684.0
batch 1637: mask sum = 5297.0
batch 1638: mask sum = 4942.0
batch 1639: mask sum = 5602.0
batch 1640: mask sum = 5165.0
iter 1640: loss 4.1452
batch 1641: mask sum = 5494.0
batch 1642: mask sum = 5583.0
batch 1643: mask sum = 6053.0
batch 1644: mask sum = 5604.0
batch 1645: mask sum = 5719.0
batch 1646: mask sum = 5729.0
batch 1647: mask sum = 5906.0
batch 1648: mask sum = 5323.0
batch 1649: mask sum = 4876.0
batch 1650: mask sum = 4581.0
iter 1650: loss 4.0840
batch 1651: mask sum = 6042.0
batch 1652: mask sum = 5979.0
batch 1653: mask sum = 4757.0
batch 1654: mask sum = 5934.0
batch 1655: mask sum = 5306.0
batch 1656: mask sum = 5160.0
batch 1657: mask sum = 5395.0
batch 1658: mask sum = 5835.0
batch 1659: mask sum = 5466.0
batch 1660: mask sum = 5301.0
iter 1660: loss 3.9059
batch 1661: mask sum = 5830.0
batch 1662: mask sum = 5064.0
batch 1663: mask sum = 5444.0
batch 1664: mask sum = 5086.0
batch 1665: mask sum = 5840.0
batch 1666: mask sum = 5594.0
batch 1667: mask sum = 5575.0
batch 1668: mask sum = 5640.0
batch 1669: mask sum = 5246.0
batch 1670: mask sum = 5553.0
iter 1670: loss 3.7893
batch 1671: mask sum = 5942.0
batch 1672: mask sum = 5594.0
batch 1673: mask sum = 5275.0
batch 1674: mask sum = 5776.0
batch 1675: mask sum = 6002.0
batch 1676: mask sum = 5456.0
batch 1677: mask sum = 5689.0
batch 1678: mask sum = 4955.0
batch 1679: mask sum = 4796.0
batch 1680: mask sum = 5331.0
iter 1680: loss 3.8844
batch 1681: mask sum = 5500.0
batch 1682: mask sum = 5831.0
batch 1683: mask sum = 5547.0
batch 1684: mask sum = 5544.0
batch 1685: mask sum = 5256.0
batch 1686: mask sum = 6001.0
batch 1687: mask sum = 6015.0
batch 1688: mask sum = 6088.0
batch 1689: mask sum = 5303.0
batch 1690: mask sum = 5965.0
iter 1690: loss 3.7486
batch 1691: mask sum = 5616.0
batch 1692: mask sum = 5625.0
batch 1693: mask sum = 5552.0
batch 1694: mask sum = 5570.0
batch 1695: mask sum = 5734.0
batch 1696: mask sum = 4584.0
batch 1697: mask sum = 5840.0
batch 1698: mask sum = 5256.0
batch 1699: mask sum = 5144.0
batch 1700: mask sum = 5778.0
iter 1700: loss 3.8272
batch 1701: mask sum = 4527.0
batch 1702: mask sum = 5708.0
batch 1703: mask sum = 5334.0
batch 1704: mask sum = 5202.0
batch 1705: mask sum = 5661.0
batch 1706: mask sum = 6141.0
batch 1707: mask sum = 4130.0
batch 1708: mask sum = 5710.0
batch 1709: mask sum = 5331.0
batch 1710: mask sum = 5280.0
iter 1710: loss 4.0325
batch 1711: mask sum = 5413.0
batch 1712: mask sum = 5505.0
batch 1713: mask sum = 5622.0
batch 1714: mask sum = 4995.0
batch 1715: mask sum = 5869.0
batch 1716: mask sum = 5213.0
batch 1717: mask sum = 5600.0
batch 1718: mask sum = 5201.0
batch 1719: mask sum = 5430.0
batch 1720: mask sum = 5084.0
iter 1720: loss 3.8737
batch 1721: mask sum = 5153.0
batch 1722: mask sum = 5782.0
batch 1723: mask sum = 5526.0
batch 1724: mask sum = 5646.0
batch 1725: mask sum = 5119.0
batch 1726: mask sum = 4723.0
batch 1727: mask sum = 5133.0
batch 1728: mask sum = 5291.0
batch 1729: mask sum = 5413.0
batch 1730: mask sum = 5319.0
iter 1730: loss 3.9450
batch 1731: mask sum = 6136.0
batch 1732: mask sum = 5948.0
batch 1733: mask sum = 5698.0
batch 1734: mask sum = 5371.0
batch 1735: mask sum = 6140.0
batch 1736: mask sum = 4976.0
batch 1737: mask sum = 5522.0
batch 1738: mask sum = 5792.0
batch 1739: mask sum = 5049.0
batch 1740: mask sum = 5674.0
iter 1740: loss 3.8382
batch 1741: mask sum = 5985.0
batch 1742: mask sum = 5580.0
batch 1743: mask sum = 5632.0
batch 1744: mask sum = 5927.0
batch 1745: mask sum = 5649.0
batch 1746: mask sum = 5699.0
batch 1747: mask sum = 5364.0
batch 1748: mask sum = 5992.0
batch 1749: mask sum = 5766.0
batch 1750: mask sum = 5742.0
iter 1750: loss 3.7664
batch 1751: mask sum = 5857.0
batch 1752: mask sum = 5820.0
batch 1753: mask sum = 5410.0
batch 1754: mask sum = 6064.0
batch 1755: mask sum = 5632.0
batch 1756: mask sum = 5851.0
batch 1757: mask sum = 5811.0
batch 1758: mask sum = 5279.0
batch 1759: mask sum = 5964.0
batch 1760: mask sum = 5952.0
iter 1760: loss 3.9291
batch 1761: mask sum = 5398.0
batch 1762: mask sum = 5843.0
batch 1763: mask sum = 6102.0
batch 1764: mask sum = 5103.0
batch 1765: mask sum = 5563.0
batch 1766: mask sum = 5239.0
batch 1767: mask sum = 5419.0
batch 1768: mask sum = 5340.0
batch 1769: mask sum = 5531.0
batch 1770: mask sum = 5874.0
iter 1770: loss 4.0206
batch 1771: mask sum = 5632.0
batch 1772: mask sum = 5670.0
batch 1773: mask sum = 5956.0
batch 1774: mask sum = 5902.0
batch 1775: mask sum = 5387.0
batch 1776: mask sum = 5886.0
batch 1777: mask sum = 5505.0
batch 1778: mask sum = 5685.0
batch 1779: mask sum = 5971.0
batch 1780: mask sum = 5020.0
iter 1780: loss 3.7839
batch 1781: mask sum = 4583.0
batch 1782: mask sum = 5824.0
batch 1783: mask sum = 4432.0
batch 1784: mask sum = 5551.0
batch 1785: mask sum = 5114.0
batch 1786: mask sum = 5879.0
batch 1787: mask sum = 5345.0
batch 1788: mask sum = 5718.0
batch 1789: mask sum = 6106.0
batch 1790: mask sum = 5382.0
iter 1790: loss 4.1627
batch 1791: mask sum = 6001.0
batch 1792: mask sum = 5395.0
batch 1793: mask sum = 5993.0
batch 1794: mask sum = 5299.0
batch 1795: mask sum = 4981.0
batch 1796: mask sum = 5256.0
batch 1797: mask sum = 6012.0
batch 1798: mask sum = 5795.0
batch 1799: mask sum = 5385.0
batch 1800: mask sum = 5957.0
iter 1800: loss 3.8340
step 1800: val loss 3.7641
batch 1801: mask sum = 5137.0
batch 1802: mask sum = 5402.0
batch 1803: mask sum = 4792.0
batch 1804: mask sum = 5560.0
batch 1805: mask sum = 5045.0
batch 1806: mask sum = 5687.0
batch 1807: mask sum = 5969.0
batch 1808: mask sum = 5321.0
batch 1809: mask sum = 5604.0
batch 1810: mask sum = 4611.0
iter 1810: loss 3.7486
batch 1811: mask sum = 4930.0
batch 1812: mask sum = 5843.0
batch 1813: mask sum = 5790.0
batch 1814: mask sum = 4877.0
batch 1815: mask sum = 5938.0
batch 1816: mask sum = 5982.0
batch 1817: mask sum = 5946.0
batch 1818: mask sum = 5298.0
batch 1819: mask sum = 5389.0
batch 1820: mask sum = 5379.0
iter 1820: loss 4.2524
batch 1821: mask sum = 5814.0
batch 1822: mask sum = 5945.0
batch 1823: mask sum = 5780.0
batch 1824: mask sum = 5900.0
batch 1825: mask sum = 5392.0
batch 1826: mask sum = 6077.0
batch 1827: mask sum = 4543.0
batch 1828: mask sum = 5510.0
batch 1829: mask sum = 4961.0
batch 1830: mask sum = 5777.0
iter 1830: loss 4.0539
batch 1831: mask sum = 5548.0
batch 1832: mask sum = 5966.0
batch 1833: mask sum = 5870.0
batch 1834: mask sum = 5867.0
batch 1835: mask sum = 5944.0
batch 1836: mask sum = 5341.0
batch 1837: mask sum = 5582.0
batch 1838: mask sum = 5378.0
batch 1839: mask sum = 5741.0
batch 1840: mask sum = 5522.0
iter 1840: loss 3.9441
batch 1841: mask sum = 5930.0
batch 1842: mask sum = 4940.0
batch 1843: mask sum = 6144.0
batch 1844: mask sum = 4472.0
batch 1845: mask sum = 5836.0
batch 1846: mask sum = 4684.0
batch 1847: mask sum = 5078.0
batch 1848: mask sum = 5813.0
batch 1849: mask sum = 5028.0
batch 1850: mask sum = 5506.0
iter 1850: loss 4.1177
batch 1851: mask sum = 5843.0
batch 1852: mask sum = 4685.0
batch 1853: mask sum = 5016.0
batch 1854: mask sum = 5161.0
batch 1855: mask sum = 4599.0
batch 1856: mask sum = 4969.0
batch 1857: mask sum = 5166.0
batch 1858: mask sum = 5486.0
batch 1859: mask sum = 6008.0
batch 1860: mask sum = 5478.0
iter 1860: loss 3.6334
batch 1861: mask sum = 6001.0
batch 1862: mask sum = 4726.0
batch 1863: mask sum = 6034.0
batch 1864: mask sum = 5855.0
batch 1865: mask sum = 5620.0
batch 1866: mask sum = 5587.0
batch 1867: mask sum = 5495.0
batch 1868: mask sum = 5426.0
batch 1869: mask sum = 5838.0
batch 1870: mask sum = 4829.0
iter 1870: loss 3.7593
batch 1871: mask sum = 5453.0
batch 1872: mask sum = 5426.0
batch 1873: mask sum = 5444.0
batch 1874: mask sum = 6093.0
batch 1875: mask sum = 5001.0
batch 1876: mask sum = 5645.0
batch 1877: mask sum = 5120.0
batch 1878: mask sum = 5596.0
batch 1879: mask sum = 5205.0
batch 1880: mask sum = 4903.0
iter 1880: loss 4.3525
batch 1881: mask sum = 5099.0
batch 1882: mask sum = 5385.0
batch 1883: mask sum = 5080.0
batch 1884: mask sum = 5411.0
batch 1885: mask sum = 6071.0
batch 1886: mask sum = 5777.0
batch 1887: mask sum = 5787.0
batch 1888: mask sum = 5858.0
batch 1889: mask sum = 5711.0
batch 1890: mask sum = 5908.0
iter 1890: loss 3.9831
batch 1891: mask sum = 5632.0
batch 1892: mask sum = 5502.0
batch 1893: mask sum = 5765.0
batch 1894: mask sum = 5344.0
batch 1895: mask sum = 5751.0
batch 1896: mask sum = 5053.0
batch 1897: mask sum = 4880.0
batch 1898: mask sum = 5576.0
batch 1899: mask sum = 5603.0
batch 1900: mask sum = 5177.0
iter 1900: loss 3.9594
batch 1901: mask sum = 5084.0
batch 1902: mask sum = 5393.0
batch 1903: mask sum = 5435.0
batch 1904: mask sum = 5748.0
batch 1905: mask sum = 5930.0
batch 1906: mask sum = 5774.0
batch 1907: mask sum = 5738.0
batch 1908: mask sum = 5264.0
batch 1909: mask sum = 5413.0
batch 1910: mask sum = 5308.0
iter 1910: loss 4.0510
batch 1911: mask sum = 5161.0
batch 1912: mask sum = 5585.0
batch 1913: mask sum = 5595.0
batch 1914: mask sum = 5893.0
batch 1915: mask sum = 5071.0
batch 1916: mask sum = 5825.0
batch 1917: mask sum = 5296.0
batch 1918: mask sum = 5564.0
batch 1919: mask sum = 4256.0
batch 1920: mask sum = 5548.0
iter 1920: loss 3.6833
batch 1921: mask sum = 5494.0
batch 1922: mask sum = 5396.0
batch 1923: mask sum = 5935.0
batch 1924: mask sum = 5479.0
batch 1925: mask sum = 5424.0
batch 1926: mask sum = 5852.0
batch 1927: mask sum = 5672.0
batch 1928: mask sum = 5022.0
batch 1929: mask sum = 5064.0
batch 1930: mask sum = 5455.0
iter 1930: loss 3.6680
batch 1931: mask sum = 5786.0
batch 1932: mask sum = 5576.0
batch 1933: mask sum = 5011.0
batch 1934: mask sum = 5559.0
batch 1935: mask sum = 4851.0
batch 1936: mask sum = 4511.0
batch 1937: mask sum = 5585.0
batch 1938: mask sum = 5641.0
batch 1939: mask sum = 5528.0
batch 1940: mask sum = 5097.0
iter 1940: loss 3.8047
batch 1941: mask sum = 5219.0
batch 1942: mask sum = 5397.0
batch 1943: mask sum = 6047.0
batch 1944: mask sum = 4754.0
batch 1945: mask sum = 5993.0
batch 1946: mask sum = 5767.0
batch 1947: mask sum = 5862.0
batch 1948: mask sum = 6130.0
batch 1949: mask sum = 5964.0
batch 1950: mask sum = 5266.0
iter 1950: loss 3.8308
batch 1951: mask sum = 5956.0
batch 1952: mask sum = 5729.0
batch 1953: mask sum = 5757.0
batch 1954: mask sum = 4910.0
batch 1955: mask sum = 5585.0
batch 1956: mask sum = 5797.0
batch 1957: mask sum = 5565.0
batch 1958: mask sum = 5210.0
batch 1959: mask sum = 5542.0
batch 1960: mask sum = 5975.0
iter 1960: loss 3.9476
batch 1961: mask sum = 5358.0
batch 1962: mask sum = 5875.0
batch 1963: mask sum = 5801.0
batch 1964: mask sum = 5974.0
batch 1965: mask sum = 5792.0
batch 1966: mask sum = 5115.0
batch 1967: mask sum = 5438.0
batch 1968: mask sum = 4924.0
batch 1969: mask sum = 5902.0
batch 1970: mask sum = 5997.0
iter 1970: loss 3.7944
batch 1971: mask sum = 5071.0
batch 1972: mask sum = 5580.0
batch 1973: mask sum = 5725.0
batch 1974: mask sum = 6024.0
batch 1975: mask sum = 5774.0
batch 1976: mask sum = 5760.0
batch 1977: mask sum = 5122.0
batch 1978: mask sum = 5590.0
batch 1979: mask sum = 5280.0
batch 1980: mask sum = 6144.0
iter 1980: loss 3.6324
batch 1981: mask sum = 5276.0
batch 1982: mask sum = 5413.0
batch 1983: mask sum = 5405.0
batch 1984: mask sum = 5714.0
batch 1985: mask sum = 5230.0
batch 1986: mask sum = 4935.0
batch 1987: mask sum = 5302.0
batch 1988: mask sum = 5897.0
batch 1989: mask sum = 4726.0
batch 1990: mask sum = 5771.0
iter 1990: loss 3.6910
batch 1991: mask sum = 4880.0
batch 1992: mask sum = 5210.0
batch 1993: mask sum = 5603.0
batch 1994: mask sum = 5969.0
batch 1995: mask sum = 5427.0
batch 1996: mask sum = 5182.0
batch 1997: mask sum = 5657.0
batch 1998: mask sum = 5724.0
batch 1999: mask sum = 5539.0
验证完成！
